2026-01-28 16:50:11.114 [info] Extension host with pid 923 started
2026-01-28 16:50:11.195 [info] ExtensionService#_doActivateExtension vscode.github-authentication, startup: false, activationEvent: 'onAuthenticationRequest:github'
2026-01-28 16:50:11.257 [info] ExtensionService#_doActivateExtension vscode.git-base, startup: true, activationEvent: '*', root cause: vscode.git
2026-01-28 16:50:11.276 [info] ExtensionService#_doActivateExtension vscode.git, startup: true, activationEvent: '*'
2026-01-28 16:50:11.353 [info] ExtensionService#_doActivateExtension vscode.github, startup: true, activationEvent: '*'
2026-01-28 16:50:11.521 [info] Eager extensions activated
2026-01-28 16:50:11.543 [info] ExtensionService#_doActivateExtension vscode.debug-auto-launch, startup: false, activationEvent: 'onStartupFinished'
2026-01-28 16:50:11.547 [info] ExtensionService#_doActivateExtension vscode.merge-conflict, startup: false, activationEvent: 'onStartupFinished'
2026-01-28 16:50:36.340 [info] Extension host terminating: renderer closed the MessagePort
2026-01-28 16:50:36.344 [info] Extension host with pid 923 exiting with code 0
2026-01-28 16:50:38.049 [info] Extension host with pid 982 started
2026-01-28 16:50:38.049 [info] Skipping acquiring lock for /home/shadow/.config/VSCodium/User/workspaceStorage/ad378f6b65eb7c5366209fb2a8b76416.
2026-01-28 16:50:38.208 [info] ExtensionService#_doActivateExtension vscode.github-authentication, startup: false, activationEvent: 'onAuthenticationRequest:github'
2026-01-28 16:50:38.272 [info] ExtensionService#_doActivateExtension vscode.git-base, startup: true, activationEvent: '*'
2026-01-28 16:50:38.284 [info] ExtensionService#_doActivateExtension vscode.github, startup: true, activationEvent: '*'
2026-01-28 16:50:38.372 [info] Eager extensions activated
2026-01-28 16:50:38.487 [info] ExtensionService#_doActivateExtension vscode.debug-auto-launch, startup: false, activationEvent: 'onStartupFinished'
2026-01-28 16:50:38.490 [info] ExtensionService#_doActivateExtension vscode.merge-conflict, startup: false, activationEvent: 'onStartupFinished'
2026-01-28 16:50:41.661 [info] ExtensionService#_doActivateExtension vscode.git, startup: false, activationEvent: 'api', root cause: vscode.github
2026-01-28 16:50:58.053 [info] ExtensionService#_doActivateExtension vscode.emmet, startup: false, activationEvent: 'onLanguage'
2026-01-28 16:51:54.840 [info] ExtensionService#_doActivateExtension vscode.terminal-suggest, startup: false, activationEvent: 'onTerminalShellIntegration:*'
2026-01-28 16:52:05.092 [info] ExtensionService#_doActivateExtension vscode.npm, startup: false, activationEvent: 'onTerminalQuickFixRequest:ms-vscode.npm-command'
