2026-01-27 08:54:35.843 [info] Extension host with pid 629 started
2026-01-27 08:54:36.077 [info] ExtensionService#_doActivateExtension vscode.github-authentication, startup: false, activationEvent: 'onAuthenticationRequest:github'
2026-01-27 08:54:36.180 [info] ExtensionService#_doActivateExtension vscode.git-base, startup: true, activationEvent: '*', root cause: vscode.git
2026-01-27 08:54:36.192 [info] ExtensionService#_doActivateExtension vscode.git, startup: true, activationEvent: '*'
2026-01-27 08:54:36.271 [info] ExtensionService#_doActivateExtension vscode.github, startup: true, activationEvent: '*'
2026-01-27 08:54:36.379 [info] Eager extensions activated
2026-01-27 08:54:36.381 [info] ExtensionService#_doActivateExtension vscode.debug-auto-launch, startup: false, activationEvent: 'onStartupFinished'
2026-01-27 08:54:36.384 [info] ExtensionService#_doActivateExtension vscode.merge-conflict, startup: false, activationEvent: 'onStartupFinished'
2026-01-27 08:56:03.182 [info] Extension host terminating: renderer closed the MessagePort
2026-01-27 08:56:03.186 [info] Extension host with pid 629 exiting with code 0
2026-01-27 08:56:05.114 [info] Extension host with pid 729 started
2026-01-27 08:56:05.114 [info] Skipping acquiring lock for /root/User/workspaceStorage/5d4a45dd8cad14a2ca435c698e8e083d.
2026-01-27 08:56:05.189 [info] ExtensionService#_doActivateExtension vscode.github-authentication, startup: false, activationEvent: 'onAuthenticationRequest:github'
2026-01-27 08:56:05.259 [info] ExtensionService#_doActivateExtension vscode.git-base, startup: true, activationEvent: '*'
2026-01-27 08:56:05.268 [info] ExtensionService#_doActivateExtension vscode.github, startup: true, activationEvent: '*'
2026-01-27 08:56:05.465 [info] Eager extensions activated
2026-01-27 08:56:05.529 [info] ExtensionService#_doActivateExtension vscode.debug-auto-launch, startup: false, activationEvent: 'onStartupFinished'
2026-01-27 08:56:05.536 [info] ExtensionService#_doActivateExtension vscode.merge-conflict, startup: false, activationEvent: 'onStartupFinished'
2026-01-27 08:56:08.207 [info] ExtensionService#_doActivateExtension vscode.git, startup: false, activationEvent: 'api', root cause: vscode.github
2026-01-27 08:56:21.675 [info] ExtensionService#_doActivateExtension vscode.emmet, startup: false, activationEvent: 'onLanguage'
2026-01-27 08:57:02.717 [info] ExtensionService#_doActivateExtension vscode.terminal-suggest, startup: false, activationEvent: 'onTerminalShellIntegration:*'
2026-01-27 08:57:29.039 [info] ExtensionService#_doActivateExtension vscode.npm, startup: false, activationEvent: 'onTerminalQuickFixRequest:ms-vscode.npm-command'
2026-01-27 08:57:34.431 [info] ExtensionService#_doActivateExtension vscode.configuration-editing, startup: false, activationEvent: 'onLanguage:json'
2026-01-27 08:57:34.441 [info] ExtensionService#_doActivateExtension vscode.extension-editing, startup: false, activationEvent: 'onLanguage:json'
2026-01-27 08:57:34.457 [info] ExtensionService#_doActivateExtension vscode.json-language-features, startup: false, activationEvent: 'onLanguage:json'
2026-01-27 08:58:53.091 [info] Extension host terminating: renderer closed the MessagePort
2026-01-27 08:58:53.113 [info] Extension host with pid 729 exiting with code 0
